✅ Configuration file Kevin_22Rv1_Xeno_config.yaml cleaned.
--------------------------------------------------------------------------------
        PROJECT VERIFICATION
--------------------------------------------------------------------------------
PARAMETER              : STATUS          : VALUE
--------------------------------------------------------------------------------
Experiment             : ---             : RNASeq
Species                : ---             : Xenograft
Project Name           : ---             : Kevin_22Rv1_Xeno

Input Reads            : ✔ FOUND       : /common/bhowmicknlab/RNASeq/Kevin_22Rv1_Xeno/input
Fastq Map File         : ✔ FOUND       : /home/kailasamms/scripts/nextflow/projects/RNASeq/Kevin_22Rv1_Xeno/Kevin_22Rv1_Xeno_fastq_map.txt
Metadata File          : ✔ FOUND       : /home/kailasamms/scripts/nextflow/projects/RNASeq/Kevin_22Rv1_Xeno/Kevin_22Rv1_Xeno_metadata.xlsx
YAML File              : ✔ FOUND       : /home/kailasamms/scripts/nextflow/projects/RNASeq/Kevin_22Rv1_Xeno/Kevin_22Rv1_Xeno_config.yaml

Final Results          : ✔ FOUND       : /home/kailasamms/analysis
Temporary Files        : ✔ FOUND       : /home/kailasamms/scratch
Image Cache            : ✔ FOUND       : /home/kailasamms/resources/containers
Ref Genomes            : ✔ FOUND       : /home/kailasamms/resources/genomes
--------------------------------------------------------------------------------
---------------------------------------------------------------------------------------------------------------
Mapping:         : PHYSICAL (Host)                                              -> LOGICAL (Container)
---------------------------------------------------------------------------------------------------------------
Raw Reads        : /common/bhowmicknlab/RNASeq/Kevin_22Rv1_Xeno/input           -> /common/bhowmicknlab/RNASeq/Kevin_22Rv1_Xeno/input
Project Base     : /home/kailasamms/analysis                                    -> /home/kailasamms/analysis
Temp Work Dir    : /home/kailasamms/scratch                                     -> /home/kailasamms/scratch
Image Cache      : /home/kailasamms/resources/containers                        -> /home/kailasamms/resources/containers
Ref Genomes      : /home/kailasamms/resources/genomes                           -> /home/kailasamms/resources/genomes
---------------------------------------------------------------------------------------------------------------
Singularity bind flags: --bind /common --bind /home 
Loading nextflow/24.10.4.5934
  Loading requirement: java/jdk11.0.12
[33mNextflow 26.04.1 is available - Please consider updating your version to it(B[m
N E X T F L O W  ~  version 24.10.4
WARN: Missing params file variable: ${base_dir}
WARN: Missing params file variable: ${expt}
WARN: Missing params file variable: ${project}
Launching `/home/kailasamms/scripts/nextflow/main.nf` [Kevin_22Rv1_Xeno_2026-05-18_16-37-03] DSL2 - revision: 4854fc20c4
WARN: Access to undefined parameter `cache_dir` -- Initialise it to a default value eg. `params.cache_dir = some_value`

===========================================
RNA-SEQ PIPELINE
===========================================
Experiment               : RNASeq
Species                  : Xenograft
Project                  : Kevin_22Rv1_Xeno
Mapping File             : /home/kailasamms/scripts/nextflow/projects/RNASeq/Kevin_22Rv1_Xeno/Kevin_22Rv1_Xeno_fastq_map.txt
Input FastQ Dir          : /common/bhowmicknlab/RNASeq/Kevin_22Rv1_Xeno/input
Reference Dir            : /home/kailasamms/resources/genomes
===========================================

==> Validating file naming conventions
[46/ba45aa] Cached process > RNASEQ:FETCH_ENSEMBL_VERSIONS (Fetching latest Ensembl metadata for Human)
[ac/c0f3da] Cached process > RNASEQ:FETCH_ENSEMBL_VERSIONS (Fetching latest Ensembl metadata for Mouse)
[86/1e8f11] Cached process > RNASEQ:RENAME_FASTQS (Renaming FASTQ files)
[skipping] Stored process > RNASEQ:DOWNLOAD_ENSEMBL_REF (1)
[3a/4bf720] Cached process > RNASEQ:GENERATE_MD5 (MD5: A1_R2.fq.gz)
[skipping] Stored process > RNASEQ:DOWNLOAD_ENSEMBL_REF (2)
[56/e52a0a] Cached process > RNASEQ:GENERATE_MD5 (MD5: A1_R1.fq.gz)
[8f/c2ead3] Cached process > RNASEQ:GENERATE_MD5 (MD5: A2_R1.fq.gz)
[skipping] Stored process > RNASEQ:STAR_INDEX (1)
[skipping] Stored process > RNASEQ:CREATE_GENTROME (1)
[skipping] Stored process > RNASEQ:SALMON_INDEX (1)
[skipping] Stored process > RNASEQ:STAR_INDEX (2)
[skipping] Stored process > RNASEQ:RSEQC_BED (1)

 ============================================================
 FASTQ INPUT VALIDATION SUMMARY
 ============================================================
 FILE FORMAT         : fq.gz
  - .fq.gz           : 32
  - .fastq.gz        : 0
------------------------------------------------------------
 SEQUENCING MODE     : PAIRED_END
 READ TAGS USED      :
  - R1 tag           : _R1
  - R2 tag           : _R2
 TAG DISTRIBUTION    :
  - Uppercase (R1/R2): 16 / 16
  - Lowercase (r1/r2): 0 / 0
------------------------------------------------------------
 SAMPLE SUMMARY      :
  - Total samples    : 16
  - Tumor samples    : 0
  - Normal samples   : 0
  - Other samples    : 16
 TOTAL FASTQ FILES   : 32
============================================================

[skipping] Stored process > RNASEQ:RSEQC_BED (2)
[skipping] Stored process > RNASEQ:XENGSORT_INDEX (1)
[b0/c6f20a] Cached process > RNASEQ:GENERATE_MD5 (MD5: A2_R2.fq.gz)
[skipping] Stored process > RNASEQ:CREATE_GENTROME (2)
[a0/4031a9] Cached process > RNASEQ:GENERATE_MD5 (MD5: A3_R1.fq.gz)
[8f/bd1a25] Cached process > RNASEQ:CREATE_TX2GENE (Creating tx2gene: Human (GRCh38.115))
[36/23f403] Cached process > RNASEQ:GENERATE_MD5 (MD5: A4_R1.fq.gz)
[skipping] Stored process > RNASEQ:SALMON_INDEX (2)
[25/d49dec] Cached process > RNASEQ:GENERATE_MD5 (MD5: A4_R2.fq.gz)
[87/9b4ff2] Cached process > RNASEQ:GENERATE_MD5 (MD5: A3_R2.fq.gz)
[a2/d4eb8a] Cached process > RNASEQ:GENERATE_MD5 (MD5: AC1_R1.fq.gz)
[94/1eb2ea] Cached process > RNASEQ:CREATE_TX2GENE (Creating tx2gene: Mouse (GRCm39.115))
[93/df4771] Cached process > RNASEQ:GENERATE_MD5 (MD5: AC1_R2.fq.gz)
[35/c93894] Cached process > RNASEQ:XENGSORT_CLASSIFY (Classifying graft/host reads for A1)
[0f/139b28] Cached process > RNASEQ:GENERATE_MD5 (MD5: AC2_R1.fq.gz)
[12/1675bc] Cached process > RNASEQ:GENERATE_MD5 (MD5: AC2_R2.fq.gz)
[f0/0ea7f5] Cached process > RNASEQ:FASTQC_RAW (FastQC: Human / A1 (raw))
[fd/30f0df] Cached process > RNASEQ:XENGSORT_CLASSIFY (Classifying graft/host reads for A2)
[d0/b02285] Cached process > RNASEQ:GENERATE_MD5 (MD5: AC3_R1.fq.gz)
[ca/5f7ff4] Cached process > RNASEQ:GENERATE_MD5 (MD5: AC4_R1.fq.gz)
[0c/969bf2] Cached process > RNASEQ:SALMON_QUANT (Salmon quant: Human / A1)
[5b/834f4d] Cached process > RNASEQ:GENERATE_MD5 (MD5: AC3_R2.fq.gz)
[16/9b5e12] Cached process > RNASEQ:STAR_ALIGN (STAR align: Human / A1)
[3a/8d46d5] Cached process > RNASEQ:GENERATE_MD5 (MD5: AC4_R2.fq.gz)
[ec/afbc7d] Cached process > RNASEQ:GENERATE_MD5 (MD5: C1_R1.fq.gz)
[8a/3e0753] Cached process > RNASEQ:SALMON_QUANT (Salmon quant: Human / A2)
[25/401f10] Cached process > RNASEQ:GENERATE_MD5 (MD5: C1_R2.fq.gz)
[a4/a9b401] Cached process > RNASEQ:GENERATE_MD5 (MD5: C2_R1.fq.gz)
[85/4ed4f3] Cached process > RNASEQ:STAR_ALIGN (STAR align: Human / A2)
[d8/65cd4a] Cached process > RNASEQ:FASTQC_RAW (FastQC: Human / A2 (raw))
[8c/00513d] Cached process > RNASEQ:GENERATE_MD5 (MD5: C2_R2.fq.gz)
[e9/da6682] Cached process > RNASEQ:SAMBAMBA_PREP (BAM prep: Human / A2)
[c3/ccb3cf] Cached process > RNASEQ:CREATE_TX2GENE (Creating tx2gene: Xenograft (GRCh38.115))
[23/263f48] Cached process > RNASEQ:GENERATE_MD5 (MD5: C3_R2.fq.gz)
[2e/ebc4ab] Cached process > RNASEQ:GENERATE_MD5 (MD5: C3_R1.fq.gz)
[fe/0f4e2b] Cached process > RNASEQ:SAMBAMBA_PREP (BAM prep: Human / A1)
[bb/e68910] Cached process > RNASEQ:GENERATE_MD5 (MD5: C4_R1.fq.gz)
[76/7231ef] Cached process > RNASEQ:GENERATE_MD5 (MD5: U1_R1.fq.gz)
[01/9a9f41] Cached process > RNASEQ:GENERATE_MD5 (MD5: U1_R2.fq.gz)
[e5/64b6c1] Cached process > RNASEQ:GENERATE_MD5 (MD5: U2_R1.fq.gz)
[58/d42176] Cached process > RNASEQ:GENERATE_MD5 (MD5: C4_R2.fq.gz)
[2a/9c9fdc] Cached process > RNASEQ:XENGSORT_CLASSIFY (Classifying graft/host reads for A3)
[0f/c71824] Cached process > RNASEQ:RSEQC (RSeQC: Human / A2)
[18/bce7f1] Cached process > RNASEQ:FASTQC_RAW (FastQC: Human / A3 (raw))
[b9/e867b4] Cached process > RNASEQ:XENGSORT_CLASSIFY (Classifying graft/host reads for A4)
[49/4d8f24] Cached process > RNASEQ:XENGSORT_CLASSIFY (Classifying graft/host reads for AC1)
[54/562577] Cached process > RNASEQ:XENGSORT_CLASSIFY (Classifying graft/host reads for AC2)
[3e/16dcb0] Cached process > RNASEQ:XENGSORT_CLASSIFY (Classifying graft/host reads for AC3)
[20/64456f] Cached process > RNASEQ:SALMON_QUANT (Salmon quant: Human / A3)
[f3/b50a8b] Cached process > RNASEQ:XENGSORT_CLASSIFY (Classifying graft/host reads for AC4)
[5f/f1961e] Cached process > RNASEQ:XENGSORT_CLASSIFY (Classifying graft/host reads for C1)
[e0/9aba1d] Cached process > RNASEQ:STAR_ALIGN (STAR align: Human / A3)
[89/acf398] Cached process > RNASEQ:XENGSORT_CLASSIFY (Classifying graft/host reads for C2)
[1d/e4c2e3] Cached process > RNASEQ:GENERATE_MD5 (MD5: U3_R1.fq.gz)
[0b/61ea39] Cached process > RNASEQ:GENERATE_MD5 (MD5: U2_R2.fq.gz)
[d7/7317c3] Cached process > RNASEQ:GENERATE_MD5 (MD5: U3_R2.fq.gz)
[f9/aed7c0] Cached process > RNASEQ:SALMON_QUANT (Salmon quant: Human / A4)
[08/5cc4f5] Cached process > RNASEQ:GENERATE_MD5 (MD5: U4_R1.fq.gz)
[8e/c8f27f] Cached process > RNASEQ:FASTQC_RAW (FastQC: Human / A4 (raw))
[c7/f59fd9] Cached process > RNASEQ:GENERATE_MD5 (MD5: U4_R2.fq.gz)
[5a/07c04b] Cached process > RNASEQ:STAR_ALIGN (STAR align: Human / A4)
[16/866f68] Cached process > RNASEQ:RSEQC (RSeQC: Human / A1)
[4c/f5b444] Cached process > RNASEQ:SALMON_QUANT (Salmon quant: Human / AC1)
[61/bc3ca7] Cached process > RNASEQ:SAMBAMBA_PREP (BAM prep: Human / A3)
[97/a88bb5] Cached process > RNASEQ:FASTQC_RAW (FastQC: Human / AC1 (raw))
[47/51db0f] Cached process > RNASEQ:XENGSORT_CLASSIFY (Classifying graft/host reads for C3)
[6d/ea8cd4] Cached process > RNASEQ:SAMBAMBA_PREP (BAM prep: Human / A4)
[d9/946920] Cached process > RNASEQ:STAR_ALIGN (STAR align: Human / AC1)
[2c/04015c] Cached process > RNASEQ:XENGSORT_CLASSIFY (Classifying graft/host reads for C4)
[e6/80ae48] Cached process > RNASEQ:STAR_ALIGN (STAR align: Human / AC2)
[1d/87956d] Cached process > RNASEQ:SAMBAMBA_PREP (BAM prep: Human / AC1)
[17/fa4074] Cached process > RNASEQ:SAMBAMBA_PREP (BAM prep: Human / AC2)
[94/ea255a] Cached process > RNASEQ:SALMON_QUANT (Salmon quant: Human / AC3)
[f1/46ae4d] Cached process > RNASEQ:XENGSORT_CLASSIFY (Classifying graft/host reads for U1)
[a6/af8acb] Cached process > RNASEQ:FASTQC_RAW (FastQC: Human / AC3 (raw))
[82/207cd9] Cached process > RNASEQ:SALMON_QUANT (Salmon quant: Human / AC2)
[81/18af2f] Cached process > RNASEQ:FASTQC_RAW (FastQC: Human / AC2 (raw))
[52/a4fa3e] Cached process > RNASEQ:XENGSORT_CLASSIFY (Classifying graft/host reads for U2)
[57/3bfc6d] Cached process > RNASEQ:STAR_ALIGN (STAR align: Human / AC3)
[5d/c9b873] Cached process > RNASEQ:SAMBAMBA_PREP (BAM prep: Human / AC3)
[5a/817b05] Cached process > RNASEQ:XENGSORT_CLASSIFY (Classifying graft/host reads for U4)
[a8/075ba3] Cached process > RNASEQ:STAR_ALIGN (STAR align: Human / C2)
[6f/dea097] Cached process > RNASEQ:STAR_ALIGN (STAR align: Human / AC4)
[cf/237643] Cached process > RNASEQ:XENGSORT_CLASSIFY (Classifying graft/host reads for U3)
[29/7bd4ff] Cached process > RNASEQ:FASTQC_RAW (FastQC: Human / AC4 (raw))
[41/c32d91] Cached process > RNASEQ:SAMBAMBA_PREP (BAM prep: Human / C2)
[d7/2554c5] Cached process > RNASEQ:FASTQC_RAW (FastQC: Human / C2 (raw))
[09/3e05b0] Cached process > RNASEQ:SAMBAMBA_PREP (BAM prep: Human / AC4)
[0a/e5e187] Cached process > RNASEQ:SALMON_QUANT (Salmon quant: Human / AC4)
[90/242068] Cached process > RNASEQ:SALMON_QUANT (Salmon quant: Human / C2)
[91/539f9b] Cached process > RNASEQ:RSEQC (RSeQC: Human / A3)
[47/074377] Cached process > RNASEQ:SALMON_QUANT (Salmon quant: Human / C3)
[82/2601ed] Cached process > RNASEQ:SALMON_QUANT (Salmon quant: Human / C1)
[74/62e8f1] Cached process > RNASEQ:STAR_ALIGN (STAR align: Human / C3)
[8d/829fee] Cached process > RNASEQ:STAR_ALIGN (STAR align: Human / C1)
[dc/6c1bec] Cached process > RNASEQ:FASTQC_RAW (FastQC: Human / C1 (raw))
[d9/1365b1] Cached process > RNASEQ:FASTQC_RAW (FastQC: Human / C3 (raw))
[dc/289a3b] Cached process > RNASEQ:SAMBAMBA_PREP (BAM prep: Human / C3)
[84/d0c227] Cached process > RNASEQ:SAMBAMBA_PREP (BAM prep: Human / C1)
[35/786d64] Cached process > RNASEQ:SALMON_QUANT (Salmon quant: Human / C4)
[e9/ac0fdb] Cached process > RNASEQ:RSEQC (RSeQC: Human / A4)
[d7/a00259] Cached process > RNASEQ:FASTQC_RAW (FastQC: Human / U1 (raw))
[45/ff2c96] Cached process > RNASEQ:SALMON_QUANT (Salmon quant: Human / U1)
[5a/392489] Cached process > RNASEQ:STAR_ALIGN (STAR align: Human / U1)
[02/6bb9f0] Cached process > RNASEQ:FASTQC_RAW (FastQC: Human / C4 (raw))
[19/26ab6e] Cached process > RNASEQ:SALMON_QUANT (Salmon quant: Human / U2)
[15/337f0a] Cached process > RNASEQ:STAR_ALIGN (STAR align: Human / C4)
[10/b531e7] Cached process > RNASEQ:SAMBAMBA_PREP (BAM prep: Human / U1)
[b9/770daf] Cached process > RNASEQ:SAMBAMBA_PREP (BAM prep: Human / C4)
[f0/fa1b5b] Cached process > RNASEQ:FASTQC_RAW (FastQC: Human / U2 (raw))
[45/c6fa65] Cached process > RNASEQ:SALMON_QUANT (Salmon quant: Human / U4)
[5a/1687b1] Cached process > RNASEQ:SALMON_QUANT (Salmon quant: Human / U3)
[3f/5c84cf] Cached process > RNASEQ:STAR_ALIGN (STAR align: Human / U2)
[6e/91510d] Cached process > RNASEQ:FASTQC_RAW (FastQC: Human / U4 (raw))
[ff/704f2b] Cached process > RNASEQ:SAMBAMBA_PREP (BAM prep: Human / U2)
[7c/155778] Cached process > RNASEQ:SALMON_QUANT (Salmon quant: Mouse / A1)
[b1/875cae] Cached process > RNASEQ:SALMON_QUANT (Salmon quant: Mouse / A2)
[b7/12a1c5] Cached process > RNASEQ:STAR_ALIGN (STAR align: Human / U4)
[df/3ad0c1] Cached process > RNASEQ:FASTQC_RAW (FastQC: Human / U3 (raw))
[6e/5c7b45] Cached process > RNASEQ:SAMBAMBA_PREP (BAM prep: Human / U4)
[8f/68f831] Cached process > RNASEQ:SALMON_QUANT (Salmon quant: Mouse / A4)
[81/72e11f] Cached process > RNASEQ:RSEQC (RSeQC: Human / AC1)
[70/cc607e] Cached process > RNASEQ:SALMON_QUANT (Salmon quant: Mouse / A3)
[3d/d3264c] Cached process > RNASEQ:FASTQC_RAW (FastQC: Mouse / A1 (raw))
[4b/7a6449] Cached process > RNASEQ:STAR_ALIGN (STAR align: Human / U3)
[f8/dd1083] Cached process > RNASEQ:SAMBAMBA_PREP (BAM prep: Human / U3)
[44/2182be] Cached process > RNASEQ:STAR_ALIGN (STAR align: Mouse / A1)
[f1/ca9dfa] Cached process > RNASEQ:RSEQC (RSeQC: Human / AC2)
[7f/26ff51] Cached process > RNASEQ:SALMON_QUANT (Salmon quant: Mouse / AC1)
[bb/d719f8] Cached process > RNASEQ:SALMON_QUANT (Salmon quant: Mouse / AC2)
[e2/1fd8ae] Cached process > RNASEQ:FASTQC_RAW (FastQC: Mouse / A3 (raw))
[de/bb95ed] Cached process > RNASEQ:FASTQC_RAW (FastQC: Mouse / A2 (raw))
[a6/2c2a7e] Cached process > RNASEQ:SALMON_QUANT (Salmon quant: Mouse / AC3)
[84/425bce] Cached process > RNASEQ:STAR_ALIGN (STAR align: Mouse / A2)
[bd/09e989] Cached process > RNASEQ:SAMBAMBA_PREP (BAM prep: Mouse / A2)
[98/e3ee79] Cached process > RNASEQ:SALMON_QUANT (Salmon quant: Mouse / C2)
[b5/988843] Cached process > RNASEQ:SALMON_QUANT (Salmon quant: Mouse / AC4)
[d3/d018fb] Cached process > RNASEQ:SALMON_QUANT (Salmon quant: Mouse / C1)
[ee/170a18] Cached process > RNASEQ:SAMBAMBA_PREP (BAM prep: Mouse / A1)
[9e/442bcb] Cached process > RNASEQ:FASTQC_RAW (FastQC: Mouse / A4 (raw))
[78/c4ae35] Cached process > RNASEQ:STAR_ALIGN (STAR align: Mouse / A3)
[62/00f407] Cached process > RNASEQ:FASTQC_RAW (FastQC: Mouse / AC1 (raw))
[fd/49b6fe] Cached process > RNASEQ:SAMBAMBA_PREP (BAM prep: Mouse / A3)
[df/73a9d7] Cached process > RNASEQ:SALMON_QUANT (Salmon quant: Mouse / C4)
[4e/beb8be] Cached process > RNASEQ:SALMON_QUANT (Salmon quant: Mouse / C3)
[78/ce5eff] Cached process > RNASEQ:STAR_ALIGN (STAR align: Mouse / A4)
[6b/e15a2a] Cached process > RNASEQ:FASTQC_RAW (FastQC: Mouse / AC2 (raw))
[81/8418bc] Cached process > RNASEQ:FASTQC_RAW (FastQC: Mouse / AC3 (raw))
[42/67256e] Cached process > RNASEQ:RSEQC (RSeQC: Human / AC3)
[6d/9c8b8d] Cached process > RNASEQ:SAMBAMBA_PREP (BAM prep: Mouse / A4)
[31/792a2d] Cached process > RNASEQ:STAR_ALIGN (STAR align: Mouse / AC1)
[20/1f6766] Cached process > RNASEQ:STAR_ALIGN (STAR align: Mouse / AC2)
[9a/a1f8fd] Cached process > RNASEQ:SAMBAMBA_PREP (BAM prep: Mouse / AC1)
[e6/bc2b33] Cached process > RNASEQ:SALMON_QUANT (Salmon quant: Mouse / U1)
[e0/366b4a] Cached process > RNASEQ:SALMON_QUANT (Salmon quant: Mouse / U2)
[cb/3b552a] Cached process > RNASEQ:FASTQC_RAW (FastQC: Mouse / AC4 (raw))
[b5/63ea12] Cached process > RNASEQ:FASTQC_RAW (FastQC: Mouse / C2 (raw))
[c4/1a3509] Cached process > RNASEQ:SAMBAMBA_PREP (BAM prep: Mouse / AC2)
[af/fd1d53] Cached process > RNASEQ:STAR_ALIGN (STAR align: Mouse / AC3)
[35/4d5887] Cached process > RNASEQ:RSEQC (RSeQC: Human / C2)
[6f/704c89] Cached process > RNASEQ:SAMBAMBA_PREP (BAM prep: Mouse / AC3)
[33/91c011] Cached process > RNASEQ:SALMON_QUANT (Salmon quant: Mouse / U4)
[0b/0afc5c] Cached process > RNASEQ:STAR_ALIGN (STAR align: Mouse / AC4)
[47/bf8943] Cached process > RNASEQ:SALMON_QUANT (Salmon quant: Mouse / U3)
[8b/451eba] Cached process > RNASEQ:SAMBAMBA_PREP (BAM prep: Mouse / AC4)
[91/6e6ded] Cached process > RNASEQ:SALMON_STATS (Salmon stats)
[af/11d30b] Cached process > RNASEQ:CREATE_TXI (Creating txi: Mouse)
[ee/f8d413] Cached process > RNASEQ:CREATE_TXI (Creating txi: Human)
[6e/0cec5f] Cached process > RNASEQ:STAR_ALIGN (STAR align: Mouse / C1)
[24/8e7f7e] Cached process > RNASEQ:FASTQC_RAW (FastQC: Mouse / C3 (raw))
[36/f0e3ae] Cached process > RNASEQ:FASTQC_RAW (FastQC: Mouse / C1 (raw))
[d8/5b5cd3] Cached process > RNASEQ:STAR_ALIGN (STAR align: Mouse / C2)
[4f/90b1ff] Cached process > RNASEQ:SAMBAMBA_PREP (BAM prep: Mouse / C2)
[c1/f9ab35] Cached process > RNASEQ:CREATE_DDS (Creating DESeq2 dataset: Mouse)
[a9/bfd333] Cached process > RNASEQ:SAMBAMBA_PREP (BAM prep: Mouse / C1)
[fe/983d86] Cached process > RNASEQ:FASTQC_RAW (FastQC: Mouse / U1 (raw))
[5c/bcd50b] Cached process > RNASEQ:RSEQC (RSeQC: Human / AC4)
[a0/711fd4] Cached process > RNASEQ:EXTRACT_DESEQ2_RESULTS (DESeq2 results: Mouse / Apalutamide-Vehicle)
[a1/267ffe] Cached process > RNASEQ:FASTQC_RAW (FastQC: Mouse / C4 (raw))
[2c/336915] Cached process > RNASEQ:PLOT_DESEQ2_QC (Plotting DESeq2 QC: Mouse)
[7a/b73f8b] Cached process > RNASEQ:CREATE_DDS (Creating DESeq2 dataset: Human)
[bd/ee99ee] Cached process > RNASEQ:STAR_ALIGN (STAR align: Mouse / C3)
[8e/524f62] Cached process > RNASEQ:STAR_ALIGN (STAR align: Mouse / C4)
[7a/3df551] Cached process > RNASEQ:FASTQC_RAW (FastQC: Mouse / U2 (raw))
[1f/d0c78a] Cached process > RNASEQ:SAMBAMBA_PREP (BAM prep: Mouse / C3)
[3d/aa2c30] Cached process > RNASEQ:EXTRACT_DESEQ2_RESULTS (DESeq2 results: Mouse / Carotuximab-Vehicle)
[38/cb76c4] Cached process > RNASEQ:PLOT_DESEQ2_QC (Plotting DESeq2 QC: Human)
[e9/47dbd4] Cached process > RNASEQ:FASTQC_RAW (FastQC: Mouse / U4 (raw))
[1c/c10db8] Cached process > RNASEQ:SAMBAMBA_PREP (BAM prep: Mouse / C4)
[86/31700a] Cached process > RNASEQ:STAR_ALIGN (STAR align: Mouse / U1)
[49/95634d] Cached process > RNASEQ:FASTQC_RAW (FastQC: Mouse / U3 (raw))
[c5/707981] Cached process > RNASEQ:FASTQC_RAW (FastQC: Xenograft / A1 (raw))
[df/36bbbe] Cached process > RNASEQ:SAMBAMBA_PREP (BAM prep: Mouse / U1)
[5a/49eac2] Cached process > RNASEQ:STAR_ALIGN (STAR align: Mouse / U2)
[10/074a34] Cached process > RNASEQ:SAMBAMBA_PREP (BAM prep: Mouse / U2)
[e9/de865f] Cached process > RNASEQ:RSEQC (RSeQC: Human / C3)
[ad/6be414] Cached process > RNASEQ:FASTQC_RAW (FastQC: Xenograft / A2 (raw))
[00/bdbb51] Cached process > RNASEQ:STAR_ALIGN (STAR align: Mouse / U4)
[2d/e83b40] Cached process > RNASEQ:FASTQC_RAW (FastQC: Xenograft / A3 (raw))
[28/803952] Cached process > RNASEQ:SAMBAMBA_PREP (BAM prep: Mouse / U4)
[a6/3b3325] Cached process > RNASEQ:FASTQC_RAW (FastQC: Xenograft / A4 (raw))
[48/a2103f] Cached process > RNASEQ:STAR_ALIGN (STAR align: Mouse / U3)
[81/692c18] Cached process > RNASEQ:FASTQC_RAW (FastQC: Xenograft / AC1 (raw))
[3c/316a13] Cached process > RNASEQ:SAMBAMBA_PREP (BAM prep: Mouse / U3)
[d8/2756a8] Cached process > RNASEQ:FASTQC_RAW (FastQC: Xenograft / AC2 (raw))
[a7/7c1fac] Cached process > RNASEQ:MERGE_STAR_COUNTS (Merging STAR counts: Mouse)
[9e/77f56f] Cached process > RNASEQ:MERGE_STAR_COUNTS (Merging STAR counts: Human)
[35/83b3af] Cached process > RNASEQ:STAR_STATS (STAR stats)
[9e/eb2f2c] Cached process > RNASEQ:FASTQC_RAW (FastQC: Xenograft / AC3 (raw))
[74/a44af1] Cached process > RNASEQ:FASTQC_RAW (FastQC: Xenograft / AC4 (raw))
[92/ca5856] Cached process > RNASEQ:DEEP_AUDIT (Auditing results)
[d8/8a5dd9] Cached process > RNASEQ:FASTQC_RAW (FastQC: Xenograft / C1 (raw))
[6a/c6eb8d] Cached process > RNASEQ:FASTQC_RAW (FastQC: Xenograft / C2 (raw))
[03/23964d] Cached process > RNASEQ:FASTQC_RAW (FastQC: Xenograft / C3 (raw))
[de/fb3c85] Cached process > RNASEQ:RSEQC (RSeQC: Human / C1)
[31/c62ad7] Cached process > RNASEQ:FASTQC_RAW (FastQC: Xenograft / U1 (raw))
[de/8bf4c0] Cached process > RNASEQ:PLOT_DESEQ2_RESULTS (Plotting DESeq2 results: Mouse / Apalutamide-Vehicle)
[d6/657442] Cached process > RNASEQ:EXTRACT_DESEQ2_RESULTS (DESeq2 results: Mouse / Apalutamide.Carotuximab-Vehicle)
[85/c1e360] Cached process > RNASEQ:FASTQC_RAW (FastQC: Xenograft / C4 (raw))
[3f/a3db54] Cached process > RNASEQ:EXTRACT_DESEQ2_RESULTS (DESeq2 results: Mouse / Apalutamide.Carotuximab-Apalutamide)
[15/78f20d] Cached process > RNASEQ:FASTQC_RAW (FastQC: Xenograft / U2 (raw))
[5d/f0c49e] Cached process > RNASEQ:EXTRACT_DESEQ2_RESULTS (DESeq2 results: Mouse / Apalutamide.Carotuximab-Carotuximab)
[03/cd1d52] Cached process > RNASEQ:FASTQC_RAW (FastQC: Xenograft / U3 (raw))
[f2/c35f5f] Cached process > RNASEQ:PLOT_DESEQ2_RESULTS (Plotting DESeq2 results: Mouse / Carotuximab-Vehicle)
[40/c84f7e] Cached process > RNASEQ:PLOT_DESEQ2_RESULTS (Plotting DESeq2 results: Mouse / Apalutamide.Carotuximab-Vehicle)
[f7/c4fe80] Cached process > RNASEQ:PLOT_DESEQ2_RESULTS (Plotting DESeq2 results: Mouse / Apalutamide.Carotuximab-Apalutamide)
[69/3502e6] Cached process > RNASEQ:FASTQC_RAW (FastQC: Xenograft / U4 (raw))
[a7/03f8a2] Cached process > RNASEQ:EXTRACT_DESEQ2_RESULTS (DESeq2 results: Human / Apalutamide-Vehicle)
[36/e90651] Cached process > RNASEQ:EXTRACT_DESEQ2_RESULTS (DESeq2 results: Human / Carotuximab-Vehicle)
[57/1f3771] Cached process > RNASEQ:PLOT_DESEQ2_RESULTS (Plotting DESeq2 results: Human / Apalutamide-Vehicle)
[bf/652079] Cached process > RNASEQ:PLOT_DESEQ2_RESULTS (Plotting DESeq2 results: Mouse / Apalutamide.Carotuximab-Carotuximab)
[d2/be57d9] Cached process > RNASEQ:EXTRACT_DESEQ2_RESULTS (DESeq2 results: Human / Apalutamide.Carotuximab-Vehicle)
[b8/210e0d] Cached process > RNASEQ:RSEQC (RSeQC: Human / U1)
[ff/f41f35] Cached process > RNASEQ:PLOT_DESEQ2_RESULTS (Plotting DESeq2 results: Human / Apalutamide.Carotuximab-Vehicle)
[3b/ce45c3] Cached process > RNASEQ:PLOT_DESEQ2_RESULTS (Plotting DESeq2 results: Human / Carotuximab-Vehicle)
[46/b9821f] Cached process > RNASEQ:EXTRACT_DESEQ2_RESULTS (DESeq2 results: Human / Apalutamide.Carotuximab-Apalutamide)
[71/9cd46f] Cached process > RNASEQ:EXTRACT_DESEQ2_RESULTS (DESeq2 results: Human / Apalutamide.Carotuximab-Carotuximab)
[a3/960f19] Cached process > RNASEQ:PLOT_DESEQ2_RESULTS (Plotting DESeq2 results: Human / Apalutamide.Carotuximab-Apalutamide)
[dc/605d44] Cached process > RNASEQ:PLOT_DESEQ2_RESULTS (Plotting DESeq2 results: Human / Apalutamide.Carotuximab-Carotuximab)
[d0/1d82af] Submitted process > RNASEQ:ANALYZE_PATHWAYS (Pathway analysis: Mouse / Apalutamide-Vehicle)
[0b/e72bf5] Cached process > RNASEQ:RSEQC (RSeQC: Human / C4)
[0a/2296e2] Submitted process > RNASEQ:ANALYZE_TFS (Pathway analysis: Mouse / Carotuximab-Vehicle)
[a8/0ed779] Cached process > RNASEQ:RSEQC (RSeQC: Human / U2)
[2a/03ee7b] Submitted process > RNASEQ:ANALYZE_TFS (Pathway analysis: Mouse / Apalutamide-Vehicle)
[45/b33cf0] Cached process > RNASEQ:RSEQC (RSeQC: Human / U4)
[ca/957047] Submitted process > RNASEQ:ANALYZE_PATHWAYS (Pathway analysis: Mouse / Carotuximab-Vehicle)
[71/c13ee9] Cached process > RNASEQ:RSEQC (RSeQC: Human / U3)
[5e/4a017f] Submitted process > RNASEQ:ANALYZE_PATHWAYS (Pathway analysis: Mouse / Apalutamide.Carotuximab-Vehicle)
[71/dc6534] Cached process > RNASEQ:RSEQC (RSeQC: Mouse / A2)
[46/7e81a5] Submitted process > RNASEQ:ANALYZE_TFS (Pathway analysis: Mouse / Apalutamide.Carotuximab-Vehicle)
[35/3a81dc] Cached process > RNASEQ:RSEQC (RSeQC: Mouse / A1)
[e6/c65781] Cached process > RNASEQ:RSEQC (RSeQC: Mouse / A3)
[c5/b6ab7d] Submitted process > RNASEQ:ANALYZE_TFS (Pathway analysis: Mouse / Apalutamide.Carotuximab-Apalutamide)
[47/7fee5d] Cached process > RNASEQ:RSEQC (RSeQC: Mouse / A4)
[95/0b42b3] Submitted process > RNASEQ:ANALYZE_PATHWAYS (Pathway analysis: Mouse / Apalutamide.Carotuximab-Apalutamide)
[cc/fe137c] Cached process > RNASEQ:RSEQC (RSeQC: Mouse / AC1)
[c9/daba51] Cached process > RNASEQ:RSEQC (RSeQC: Mouse / AC2)
[95/d94794] Submitted process > RNASEQ:ANALYZE_TFS (Pathway analysis: Mouse / Apalutamide.Carotuximab-Carotuximab)
[00/6fdbbe] Cached process > RNASEQ:RSEQC (RSeQC: Mouse / AC3)
[39/bb4a1a] Submitted process > RNASEQ:ANALYZE_PATHWAYS (Pathway analysis: Mouse / Apalutamide.Carotuximab-Carotuximab)
[c9/38741b] Cached process > RNASEQ:RSEQC (RSeQC: Mouse / AC4)
[ed/1e0d05] Cached process > RNASEQ:RSEQC (RSeQC: Mouse / C2)
[8c/c6b082] Submitted process > RNASEQ:ANALYZE_PATHWAYS (Pathway analysis: Human / Apalutamide-Vehicle)
[0b/7f6bcc] Cached process > RNASEQ:RSEQC (RSeQC: Mouse / C1)
[6f/827f94] Submitted process > RNASEQ:ANALYZE_TFS (Pathway analysis: Human / Apalutamide-Vehicle)
[e3/462ecb] Cached process > RNASEQ:RSEQC (RSeQC: Mouse / C3)
[98/5b5d85] Submitted process > RNASEQ:ANALYZE_PATHWAYS (Pathway analysis: Human / Carotuximab-Vehicle)
[1b/b2a993] Cached process > RNASEQ:RSEQC (RSeQC: Mouse / C4)
[62/a9d277] Cached process > RNASEQ:RSEQC (RSeQC: Mouse / U1)
[3f/2129a5] Submitted process > RNASEQ:ANALYZE_TFS (Pathway analysis: Human / Carotuximab-Vehicle)
[5a/e7b1d3] Cached process > RNASEQ:RSEQC (RSeQC: Mouse / U2)
[6a/9ce854] Cached process > RNASEQ:RSEQC (RSeQC: Mouse / U4)
[82/42617d] Submitted process > RNASEQ:ANALYZE_PATHWAYS (Pathway analysis: Human / Apalutamide.Carotuximab-Vehicle)
[0c/3a6c87] Cached process > RNASEQ:RSEQC (RSeQC: Mouse / U3)
[35/e9c4a9] Submitted process > RNASEQ:ANALYZE_TFS (Pathway analysis: Human / Apalutamide.Carotuximab-Vehicle)
[f2/50bd67] Submitted process > RNASEQ:ANALYZE_PATHWAYS (Pathway analysis: Human / Apalutamide.Carotuximab-Apalutamide)
[57/c3bc63] Submitted process > RNASEQ:ANALYZE_TFS (Pathway analysis: Human / Apalutamide.Carotuximab-Apalutamide)
[f8/622579] Submitted process > RNASEQ:ANALYZE_PATHWAYS (Pathway analysis: Human / Apalutamide.Carotuximab-Carotuximab)
[21/8120d4] Submitted process > RNASEQ:ANALYZE_TFS (Pathway analysis: Human / Apalutamide.Carotuximab-Carotuximab)
[29/3fbc0d] Cached process > RNASEQ:MULTIQC (MultiQC: Human)
[f0/9d5968] Cached process > RNASEQ:MULTIQC (MultiQC: Mouse)
[a0/b0d212] Cached process > RNASEQ:MULTIQC (MultiQC: Xenograft)
[37/c655e5] Submitted process > RNASEQ:PLOT_PATHWAYS (Plotting pathways: Mouse / Apalutamide-Vehicle)
[08/b6e0e6] Submitted process > RNASEQ:PLOT_TFS (Plotting pathways: Mouse / Carotuximab-Vehicle)
[40/c82e19] Submitted process > RNASEQ:PLOT_TFS (Plotting pathways: Mouse / Apalutamide-Vehicle)
[58/9b77da] Submitted process > RNASEQ:PLOT_PATHWAYS (Plotting pathways: Mouse / Carotuximab-Vehicle)
[fb/d4e82e] Submitted process > RNASEQ:PLOT_TFS (Plotting pathways: Mouse / Apalutamide.Carotuximab-Vehicle)
[f9/4de2e1] Submitted process > RNASEQ:PLOT_PATHWAYS (Plotting pathways: Mouse / Apalutamide.Carotuximab-Vehicle)
[ef/632b44] Submitted process > RNASEQ:PLOT_PATHWAYS (Plotting pathways: Mouse / Apalutamide.Carotuximab-Apalutamide)
[49/12f9fd] Submitted process > RNASEQ:PLOT_TFS (Plotting pathways: Mouse / Apalutamide.Carotuximab-Carotuximab)
[36/e21308] Submitted process > RNASEQ:PLOT_TFS (Plotting pathways: Mouse / Apalutamide.Carotuximab-Apalutamide)
[6d/0e9fcc] Submitted process > RNASEQ:PLOT_PATHWAYS (Plotting pathways: Human / Apalutamide-Vehicle)
[5c/5a7977] Submitted process > RNASEQ:PLOT_PATHWAYS (Plotting pathways: Mouse / Apalutamide.Carotuximab-Carotuximab)
[96/592114] Submitted process > RNASEQ:PLOT_TFS (Plotting pathways: Human / Apalutamide-Vehicle)
[14/930314] Submitted process > RNASEQ:PLOT_PATHWAYS (Plotting pathways: Human / Carotuximab-Vehicle)
[85/fe9b74] Submitted process > RNASEQ:PLOT_TFS (Plotting pathways: Human / Carotuximab-Vehicle)
[3b/d18805] Submitted process > RNASEQ:PLOT_PATHWAYS (Plotting pathways: Human / Apalutamide.Carotuximab-Vehicle)
[2b/9e23aa] Submitted process > RNASEQ:PLOT_TFS (Plotting pathways: Human / Apalutamide.Carotuximab-Vehicle)
[ae/0aa0b5] Submitted process > RNASEQ:PLOT_TFS (Plotting pathways: Human / Apalutamide.Carotuximab-Apalutamide)
[9e/9cd1a0] Submitted process > RNASEQ:PLOT_PATHWAYS (Plotting pathways: Human / Apalutamide.Carotuximab-Apalutamide)
[ea/4fe483] Submitted process > RNASEQ:PLOT_PATHWAYS (Plotting pathways: Human / Apalutamide.Carotuximab-Carotuximab)
[68/960ff3] Submitted process > RNASEQ:PLOT_TFS (Plotting pathways: Human / Apalutamide.Carotuximab-Carotuximab)
