✅ Configuration file Xinyi_BLCA_config.yaml cleaned.
--------------------------------------------------------------------------------
        PROJECT VERIFICATION
--------------------------------------------------------------------------------
PARAMETER              : STATUS          : VALUE
--------------------------------------------------------------------------------
Experiment             : ---             : RNASeq
Species                : ---             : Human
Project Name           : ---             : Xinyi_BLCA

Input Reads            : ✔ FOUND       : /home/kailasamms/zprior_analysis/RNASeq_Xinyi/srr
Fastq Map File         : ✔ FOUND       : /home/kailasamms/scripts/nextflow/projects/RNASeq/Xinyi_BLCA/Xinyi_BLCA_fastq_map.txt
Metadata File          : ✔ FOUND       : /home/kailasamms/scripts/nextflow/projects/RNASeq/Xinyi_BLCA/Xinyi_BLCA_metadata.xlsx
YAML File              : ✔ FOUND       : /home/kailasamms/scripts/nextflow/projects/RNASeq/Xinyi_BLCA/Xinyi_BLCA_config.yaml

Final Results          : ✔ FOUND       : /home/kailasamms/analysis
Temporary Files        : ✔ FOUND       : /home/kailasamms/scratch
Image Cache            : ✔ FOUND       : /home/kailasamms/resources/containers
Ref Genomes            : ✔ FOUND       : /home/kailasamms/resources/genomes
--------------------------------------------------------------------------------
---------------------------------------------------------------------------------------------------------------
Mapping:         : PHYSICAL (Host)                                              -> LOGICAL (Container)
---------------------------------------------------------------------------------------------------------------
Raw Reads        : /home/kailasamms/zprior_analysis/RNASeq_Xinyi/srr            -> /home/kailasamms/zprior_analysis/RNASeq_Xinyi/srr
Project Base     : /home/kailasamms/analysis                                    -> /home/kailasamms/analysis
Temp Work Dir    : /home/kailasamms/scratch                                     -> /home/kailasamms/scratch
Image Cache      : /home/kailasamms/resources/containers                        -> /home/kailasamms/resources/containers
Ref Genomes      : /home/kailasamms/resources/genomes                           -> /home/kailasamms/resources/genomes
---------------------------------------------------------------------------------------------------------------
Singularity bind flags: --bind /home 
Loading nextflow/24.10.4.5934
  Loading requirement: java/jdk11.0.12
[33mNextflow 26.04.3 is available - Please consider updating your version to it(B[m
N E X T F L O W  ~  version 24.10.4
WARN: Missing params file variable: ${base_dir}
WARN: Missing params file variable: ${expt}
WARN: Missing params file variable: ${project}
WARN: It appears you have never run this project before -- Option `-resume` is ignored
Launching `/home/kailasamms/scripts/nextflow/main.nf` [Xinyi_BLCA_2026-06-05_16-25-37] DSL2 - revision: 4854fc20c4
WARN: Access to undefined parameter `cache_dir` -- Initialise it to a default value eg. `params.cache_dir = some_value`

===========================================
RNA-SEQ PIPELINE
===========================================
Experiment               : RNASeq
Species                  : Human
Project                  : Xinyi_BLCA
Mapping File             : /home/kailasamms/scripts/nextflow/projects/RNASeq/Xinyi_BLCA/Xinyi_BLCA_fastq_map.txt
Input FastQ Dir          : /home/kailasamms/zprior_analysis/RNASeq_Xinyi/srr
Reference Dir            : /home/kailasamms/resources/genomes
===========================================

==> Validating file naming conventions
WARN: There's no process matching config selector: SCRNASEQ:CELLRANGER_COUNT
WARN: There's no process matching config selector: SCRNASEQ:(?!CELLRANGER_COUNT|.*FASTQC|MULTIQC).*
WARN: There's no process matching config selector: HMMCOPY_REFWIG
WARN: There's no process matching config selector: HMMCOPY_READCOUNTER
WARN: There's no process matching config selector: ICHORCNA_RUN
[ce/4bdf94] Submitted process > RNASEQ:FETCH_ENSEMBL_VERSIONS (Fetching latest Ensembl metadata for Human)
[f1/bd9dbe] Submitted process > RNASEQ:RENAME_FASTQS (Renaming FASTQ files)

 ============================================================
 FASTQ INPUT VALIDATION SUMMARY
 ============================================================
 FILE FORMAT         : fastq.gz
  - .fq.gz           : 0
  - .fastq.gz        : 96
------------------------------------------------------------
 SEQUENCING MODE     : PAIRED_END
 READ TAGS USED      :
  - R1 tag           : _R1
  - R2 tag           : _R2
 TAG DISTRIBUTION    :
  - Uppercase (R1/R2): 48 / 48
  - Lowercase (r1/r2): 0 / 0
------------------------------------------------------------
 SAMPLE SUMMARY      :
  - Total samples    : 48
  - Tumor samples    : 0
  - Normal samples   : 0
  - Other samples    : 48
 TOTAL FASTQ FILES   : 96
============================================================

[59/e2d447] Submitted process > RNASEQ:GENERATE_MD5 (MD5: Hbca01_R1.fastq.gz)
[5b/0c8e82] Submitted process > RNASEQ:GENERATE_MD5 (MD5: Hbca01_R2.fastq.gz)
[7e/fa91f3] Submitted process > RNASEQ:GENERATE_MD5 (MD5: Hbca02_R1.fastq.gz)
[70/9cbb13] Submitted process > RNASEQ:GENERATE_MD5 (MD5: Hbca02_R2.fastq.gz)
[8a/5f6e96] Submitted process > RNASEQ:GENERATE_MD5 (MD5: Hbca03_R1.fastq.gz)
[a2/bb940e] Submitted process > RNASEQ:GENERATE_MD5 (MD5: Hbca04_R1.fastq.gz)
[27/50bfcf] Submitted process > RNASEQ:GENERATE_MD5 (MD5: Hbca04_R2.fastq.gz)
[39/e09e90] Submitted process > RNASEQ:GENERATE_MD5 (MD5: Hbca03_R2.fastq.gz)
[07/ff64b0] Submitted process > RNASEQ:GENERATE_MD5 (MD5: Hbca05_R1.fastq.gz)
[7a/915446] Submitted process > RNASEQ:GENERATE_MD5 (MD5: Hbca05_R2.fastq.gz)
[47/0dedae] Submitted process > RNASEQ:GENERATE_MD5 (MD5: Hbca06_R1.fastq.gz)
[37/9b1ba3] Submitted process > RNASEQ:GENERATE_MD5 (MD5: Hbca07_R1.fastq.gz)
[14/79c4f7] Submitted process > RNASEQ:GENERATE_MD5 (MD5: Hbca07_R2.fastq.gz)
[7f/c68472] Submitted process > RNASEQ:GENERATE_MD5 (MD5: Hbca06_R2.fastq.gz)
[bf/18b286] Submitted process > RNASEQ:GENERATE_MD5 (MD5: Hbca08_R1.fastq.gz)
[c2/d93a47] Submitted process > RNASEQ:GENERATE_MD5 (MD5: Hbca08_R2.fastq.gz)
[ab/c8a335] Submitted process > RNASEQ:GENERATE_MD5 (MD5: Hbca09_R1.fastq.gz)
[3d/5e1684] Submitted process > RNASEQ:GENERATE_MD5 (MD5: Hbca09_R2.fastq.gz)
[1e/b652e4] Submitted process > RNASEQ:GENERATE_MD5 (MD5: Hbca10_R1.fastq.gz)
[40/dd6fd3] Submitted process > RNASEQ:GENERATE_MD5 (MD5: Hbca10_R2.fastq.gz)
[84/278ef8] Submitted process > RNASEQ:GENERATE_MD5 (MD5: Hbca11_R1.fastq.gz)
[49/9bb1e5] Submitted process > RNASEQ:GENERATE_MD5 (MD5: Hbca12_R1.fastq.gz)
[a3/1c42d5] Submitted process > RNASEQ:GENERATE_MD5 (MD5: Hbca11_R2.fastq.gz)
[8d/a70731] Submitted process > RNASEQ:GENERATE_MD5 (MD5: Hbca12_R2.fastq.gz)
[f3/786a3b] Submitted process > RNASEQ:GENERATE_MD5 (MD5: Hbca13_R1.fastq.gz)
[8f/51ecee] Submitted process > RNASEQ:GENERATE_MD5 (MD5: Hbca14_R1.fastq.gz)
[b5/9679f8] Submitted process > RNASEQ:GENERATE_MD5 (MD5: Hbca13_R2.fastq.gz)
[dc/0e5785] Submitted process > RNASEQ:GENERATE_MD5 (MD5: Hbca15_R1.fastq.gz)
[7d/105377] Submitted process > RNASEQ:GENERATE_MD5 (MD5: Hbca14_R2.fastq.gz)
[30/4b1355] Submitted process > RNASEQ:GENERATE_MD5 (MD5: Hbca15_R2.fastq.gz)
[c6/220949] Submitted process > RNASEQ:GENERATE_MD5 (MD5: Hbca16_R1.fastq.gz)
[2e/97d88b] Submitted process > RNASEQ:GENERATE_MD5 (MD5: Hbca17_R1.fastq.gz)
[cc/5f87b7] Submitted process > RNASEQ:GENERATE_MD5 (MD5: Hbca16_R2.fastq.gz)
[14/8aaa98] Submitted process > RNASEQ:GENERATE_MD5 (MD5: Hbca18_R1.fastq.gz)
[3a/9d5102] Submitted process > RNASEQ:GENERATE_MD5 (MD5: Hbca17_R2.fastq.gz)
[d3/25e687] Submitted process > RNASEQ:GENERATE_MD5 (MD5: Hbca18_R2.fastq.gz)
[25/a9589b] Submitted process > RNASEQ:GENERATE_MD5 (MD5: Hbca19_R1.fastq.gz)
[d6/48fe66] Submitted process > RNASEQ:GENERATE_MD5 (MD5: Hbca19_R2.fastq.gz)
[7b/1bcf72] Submitted process > RNASEQ:GENERATE_MD5 (MD5: Hbca20_R1.fastq.gz)
[a0/a32c33] Submitted process > RNASEQ:GENERATE_MD5 (MD5: Hbca20_R2.fastq.gz)
[1a/66538e] Submitted process > RNASEQ:GENERATE_MD5 (MD5: Hbca21_R1.fastq.gz)
[71/5abd5c] Submitted process > RNASEQ:GENERATE_MD5 (MD5: Hbca21_R2.fastq.gz)
[3a/c7ec2c] Submitted process > RNASEQ:GENERATE_MD5 (MD5: Hbca22_R1.fastq.gz)
[2f/cb2ea9] Submitted process > RNASEQ:GENERATE_MD5 (MD5: Hbca22_R2.fastq.gz)
[3b/3520af] Submitted process > RNASEQ:GENERATE_MD5 (MD5: Hbca23_R1.fastq.gz)
[aa/967aeb] Submitted process > RNASEQ:GENERATE_MD5 (MD5: Hbca24_R1.fastq.gz)
[ce/7e3c4f] Submitted process > RNASEQ:GENERATE_MD5 (MD5: Hbca23_R2.fastq.gz)
[32/d55d0c] Submitted process > RNASEQ:GENERATE_MD5 (MD5: Hbca24_R2.fastq.gz)
[d0/804b50] Submitted process > RNASEQ:GENERATE_MD5 (MD5: Hbca25_R1.fastq.gz)
[19/82d624] Submitted process > RNASEQ:GENERATE_MD5 (MD5: Hbca26_R1.fastq.gz)
[46/9e819b] Submitted process > RNASEQ:GENERATE_MD5 (MD5: Hbca25_R2.fastq.gz)
[a2/8769e3] Submitted process > RNASEQ:GENERATE_MD5 (MD5: Hbca27_R1.fastq.gz)
[4c/e3de6c] Submitted process > RNASEQ:GENERATE_MD5 (MD5: Hbca26_R2.fastq.gz)
[ba/bbb32e] Submitted process > RNASEQ:GENERATE_MD5 (MD5: Hbca27_R2.fastq.gz)
[c4/4417b2] Submitted process > RNASEQ:GENERATE_MD5 (MD5: Hbca28_R1.fastq.gz)
[2f/59e551] Submitted process > RNASEQ:GENERATE_MD5 (MD5: Hbca28_R2.fastq.gz)
[d6/2be847] Submitted process > RNASEQ:GENERATE_MD5 (MD5: Hbca29_R1.fastq.gz)
[71/5743a4] Submitted process > RNASEQ:GENERATE_MD5 (MD5: Hbca29_R2.fastq.gz)
[8d/8dc5f6] Submitted process > RNASEQ:GENERATE_MD5 (MD5: Hbca30_R2.fastq.gz)
[32/170bb2] Submitted process > RNASEQ:GENERATE_MD5 (MD5: Hbca30_R1.fastq.gz)
[34/2b6ca3] Submitted process > RNASEQ:GENERATE_MD5 (MD5: Hbca31_R1.fastq.gz)
[3e/21a65e] Submitted process > RNASEQ:GENERATE_MD5 (MD5: Hbca32_R1.fastq.gz)
[e8/4c8879] Submitted process > RNASEQ:GENERATE_MD5 (MD5: Hbca31_R2.fastq.gz)
[56/54e383] Submitted process > RNASEQ:GENERATE_MD5 (MD5: Hbca32_R2.fastq.gz)
[2e/5d4783] Submitted process > RNASEQ:GENERATE_MD5 (MD5: Hbca33_R1.fastq.gz)
[ab/d2c9d2] Submitted process > RNASEQ:GENERATE_MD5 (MD5: Hbca34_R1.fastq.gz)
[54/71c32e] Submitted process > RNASEQ:GENERATE_MD5 (MD5: Hbca33_R2.fastq.gz)
[c2/26029b] Submitted process > RNASEQ:GENERATE_MD5 (MD5: Hbca35_R1.fastq.gz)
[69/c18a72] Submitted process > RNASEQ:GENERATE_MD5 (MD5: Hbca34_R2.fastq.gz)
[78/c0aedd] Submitted process > RNASEQ:GENERATE_MD5 (MD5: Hbca36_R1.fastq.gz)
[b8/b13dc7] Submitted process > RNASEQ:GENERATE_MD5 (MD5: Hbca35_R2.fastq.gz)
[52/a6f28c] Submitted process > RNASEQ:GENERATE_MD5 (MD5: Hbca36_R2.fastq.gz)
[c3/98b830] Submitted process > RNASEQ:GENERATE_MD5 (MD5: Hbca37_R1.fastq.gz)
[f0/a22ea9] Submitted process > RNASEQ:GENERATE_MD5 (MD5: Hbca37_R2.fastq.gz)
[33/dcdc93] Submitted process > RNASEQ:GENERATE_MD5 (MD5: Hbca38_R1.fastq.gz)
[db/8d1b0a] Submitted process > RNASEQ:GENERATE_MD5 (MD5: Hbca38_R2.fastq.gz)
[77/01fa38] Submitted process > RNASEQ:GENERATE_MD5 (MD5: Hbca39_R2.fastq.gz)
[11/a8bd01] Submitted process > RNASEQ:GENERATE_MD5 (MD5: Hbca39_R1.fastq.gz)
[6a/3ca660] Submitted process > RNASEQ:GENERATE_MD5 (MD5: Hbca40_R2.fastq.gz)
[2b/0b5ed9] Submitted process > RNASEQ:GENERATE_MD5 (MD5: Hbca40_R1.fastq.gz)
[6a/a90294] Submitted process > RNASEQ:GENERATE_MD5 (MD5: Hbca41_R1.fastq.gz)
[36/7eb920] Submitted process > RNASEQ:GENERATE_MD5 (MD5: Hbca41_R2.fastq.gz)
[ac/1b3906] Submitted process > RNASEQ:GENERATE_MD5 (MD5: Hbca42_R1.fastq.gz)
[a2/54c9d3] Submitted process > RNASEQ:GENERATE_MD5 (MD5: Hbca43_R1.fastq.gz)
[fe/6a9b6f] Submitted process > RNASEQ:GENERATE_MD5 (MD5: Hbca42_R2.fastq.gz)
[35/67eddd] Submitted process > RNASEQ:GENERATE_MD5 (MD5: Hbca44_R1.fastq.gz)
[cf/c309ce] Submitted process > RNASEQ:GENERATE_MD5 (MD5: Hbca43_R2.fastq.gz)
[99/d0829b] Submitted process > RNASEQ:GENERATE_MD5 (MD5: Hbca45_R1.fastq.gz)
[91/b367f7] Submitted process > RNASEQ:GENERATE_MD5 (MD5: Hbca44_R2.fastq.gz)
[30/18d639] Submitted process > RNASEQ:GENERATE_MD5 (MD5: Hbca45_R2.fastq.gz)
[25/5b286d] Submitted process > RNASEQ:GENERATE_MD5 (MD5: Hbca46_R1.fastq.gz)
[75/dfbf76] Submitted process > RNASEQ:GENERATE_MD5 (MD5: Hbca47_R1.fastq.gz)
[89/618998] Submitted process > RNASEQ:GENERATE_MD5 (MD5: Hbca47_R2.fastq.gz)
[28/f48f40] Submitted process > RNASEQ:GENERATE_MD5 (MD5: Hbca48_R1.fastq.gz)
[5b/737e74] Submitted process > RNASEQ:GENERATE_MD5 (MD5: Hbca48_R2.fastq.gz)
[a1/326450] Submitted process > RNASEQ:GENERATE_MD5 (MD5: Hbca46_R2.fastq.gz)
[skipping] Stored process > RNASEQ:DOWNLOAD_ENSEMBL_REF (1)
[skipping] Stored process > RNASEQ:STAR_INDEX (1)
[skipping] Stored process > RNASEQ:CREATE_GENTROME (1)
[skipping] Stored process > RNASEQ:RSEQC_BED (1)
[skipping] Stored process > RNASEQ:SALMON_INDEX (1)
[3b/509f33] Submitted process > RNASEQ:FASTQC_RAW (FastQC: Human / Hbca01 (raw))
[af/a2755a] Submitted process > RNASEQ:FASTQC_RAW (FastQC: Human / Hbca02 (raw))
[9c/900ad5] Submitted process > RNASEQ:FASTQC_RAW (FastQC: Human / Hbca04 (raw))
[4d/8028de] Submitted process > RNASEQ:FASTQC_RAW (FastQC: Human / Hbca03 (raw))
[23/bb9089] Submitted process > RNASEQ:SALMON_QUANT (Salmon quant: Human / Hbca02)
[9f/c6944c] Submitted process > RNASEQ:SALMON_QUANT (Salmon quant: Human / Hbca01)
[c0/ed6b57] Submitted process > RNASEQ:FASTQC_RAW (FastQC: Human / Hbca06 (raw))
[bc/60d864] Submitted process > RNASEQ:FASTQC_RAW (FastQC: Human / Hbca05 (raw))
[9c/11840c] Submitted process > RNASEQ:FASTQC_RAW (FastQC: Human / Hbca08 (raw))
[54/96f9e7] Submitted process > RNASEQ:FASTQC_RAW (FastQC: Human / Hbca09 (raw))
[5a/fdc0c9] Submitted process > RNASEQ:FASTQC_RAW (FastQC: Human / Hbca07 (raw))
[10/ee2126] Submitted process > RNASEQ:SALMON_QUANT (Salmon quant: Human / Hbca03)
[b9/c6036a] Submitted process > RNASEQ:FASTQC_RAW (FastQC: Human / Hbca11 (raw))
[a8/14fdf8] Submitted process > RNASEQ:FASTQC_RAW (FastQC: Human / Hbca10 (raw))
[9f/c6ed34] Submitted process > RNASEQ:STAR_ALIGN (STAR align: Human / Hbca02)
[40/7d99e9] Submitted process > RNASEQ:FASTQC_RAW (FastQC: Human / Hbca12 (raw))
[a0/7343c2] Submitted process > RNASEQ:STAR_ALIGN (STAR align: Human / Hbca03)
[e1/a0452d] Submitted process > RNASEQ:SALMON_QUANT (Salmon quant: Human / Hbca05)
[6f/31ea1c] Submitted process > RNASEQ:SALMON_QUANT (Salmon quant: Human / Hbca06)
[75/1d7c22] Submitted process > RNASEQ:FASTQC_RAW (FastQC: Human / Hbca14 (raw))
[9b/062203] Submitted process > RNASEQ:STAR_ALIGN (STAR align: Human / Hbca01)
[2c/2e1782] Submitted process > RNASEQ:FASTQC_RAW (FastQC: Human / Hbca13 (raw))
[7a/42fb7e] Submitted process > RNASEQ:SALMON_QUANT (Salmon quant: Human / Hbca04)
[48/9270bf] Submitted process > RNASEQ:FASTQC_RAW (FastQC: Human / Hbca15 (raw))
[30/e32812] Submitted process > RNASEQ:SALMON_QUANT (Salmon quant: Human / Hbca08)
[d4/dbecb2] Submitted process > RNASEQ:FASTQC_RAW (FastQC: Human / Hbca16 (raw))
[61/34381d] Submitted process > RNASEQ:STAR_ALIGN (STAR align: Human / Hbca04)
[56/7d0853] Submitted process > RNASEQ:FASTQC_RAW (FastQC: Human / Hbca18 (raw))
[45/657c0a] Submitted process > RNASEQ:FASTQC_RAW (FastQC: Human / Hbca17 (raw))
[cb/4c0b05] Submitted process > RNASEQ:STAR_ALIGN (STAR align: Human / Hbca06)
[6a/24bdfa] Submitted process > RNASEQ:FASTQC_RAW (FastQC: Human / Hbca19 (raw))
[6f/e2f747] Submitted process > RNASEQ:SALMON_QUANT (Salmon quant: Human / Hbca09)
[77/7952f3] Submitted process > RNASEQ:SALMON_QUANT (Salmon quant: Human / Hbca07)
[07/225874] Submitted process > RNASEQ:STAR_ALIGN (STAR align: Human / Hbca05)
[a8/b86e86] Submitted process > RNASEQ:FASTQC_RAW (FastQC: Human / Hbca21 (raw))
[c6/a93a7b] Submitted process > RNASEQ:FASTQC_RAW (FastQC: Human / Hbca20 (raw))
[38/cdf416] Submitted process > RNASEQ:STAR_ALIGN (STAR align: Human / Hbca07)
[2c/f6fcc5] Submitted process > RNASEQ:SALMON_QUANT (Salmon quant: Human / Hbca11)
[77/aad4cc] Submitted process > RNASEQ:STAR_ALIGN (STAR align: Human / Hbca08)
[20/9e23a4] Submitted process > RNASEQ:FASTQC_RAW (FastQC: Human / Hbca23 (raw))
[b5/523973] Submitted process > RNASEQ:SALMON_QUANT (Salmon quant: Human / Hbca10)
[5d/b95884] Submitted process > RNASEQ:FASTQC_RAW (FastQC: Human / Hbca22 (raw))
[9b/dfec41] Submitted process > RNASEQ:STAR_ALIGN (STAR align: Human / Hbca10)
[65/39a68b] Submitted process > RNASEQ:FASTQC_RAW (FastQC: Human / Hbca24 (raw))
[88/54385d] Submitted process > RNASEQ:FASTQC_RAW (FastQC: Human / Hbca26 (raw))
[d3/de3694] Submitted process > RNASEQ:STAR_ALIGN (STAR align: Human / Hbca09)
[b9/d0320a] Submitted process > RNASEQ:SALMON_QUANT (Salmon quant: Human / Hbca12)
[5a/782587] Submitted process > RNASEQ:STAR_ALIGN (STAR align: Human / Hbca11)
[d7/f69ebb] Submitted process > RNASEQ:FASTQC_RAW (FastQC: Human / Hbca25 (raw))
[93/78de07] Submitted process > RNASEQ:SALMON_QUANT (Salmon quant: Human / Hbca13)
[46/cbd4f4] Submitted process > RNASEQ:STAR_ALIGN (STAR align: Human / Hbca13)
[77/bc0e42] Submitted process > RNASEQ:STAR_ALIGN (STAR align: Human / Hbca12)
[76/4b3fbd] Submitted process > RNASEQ:SALMON_QUANT (Salmon quant: Human / Hbca14)
[96/8b336d] Submitted process > RNASEQ:FASTQC_RAW (FastQC: Human / Hbca27 (raw))
[d5/8a8c3f] Submitted process > RNASEQ:FASTQC_RAW (FastQC: Human / Hbca28 (raw))
[18/9ffa4d] Submitted process > RNASEQ:FASTQC_RAW (FastQC: Human / Hbca29 (raw))
[65/2e57ee] Submitted process > RNASEQ:FASTQC_RAW (FastQC: Human / Hbca31 (raw))
[c9/36bcef] Submitted process > RNASEQ:STAR_ALIGN (STAR align: Human / Hbca15)
[15/3ccde4] Submitted process > RNASEQ:FASTQC_RAW (FastQC: Human / Hbca30 (raw))
[12/32a4dd] Submitted process > RNASEQ:SALMON_QUANT (Salmon quant: Human / Hbca15)
[a3/d3c708] Submitted process > RNASEQ:FASTQC_RAW (FastQC: Human / Hbca32 (raw))
[13/1f956a] Submitted process > RNASEQ:STAR_ALIGN (STAR align: Human / Hbca14)
[3c/0a1280] Submitted process > RNASEQ:FASTQC_RAW (FastQC: Human / Hbca33 (raw))
[0c/b275ef] Submitted process > RNASEQ:STAR_ALIGN (STAR align: Human / Hbca26)
[0d/ee5441] Submitted process > RNASEQ:FASTQC_RAW (FastQC: Human / Hbca46 (raw))
[a3/3d1f9f] Submitted process > RNASEQ:STAR_ALIGN (STAR align: Human / Hbca27)
[d6/143da3] Submitted process > RNASEQ:SALMON_QUANT (Salmon quant: Human / Hbca26)
[c1/ec0608] Submitted process > RNASEQ:FASTQC_RAW (FastQC: Human / Hbca47 (raw))
[2b/5f2b9d] Submitted process > RNASEQ:STAR_ALIGN (STAR align: Human / Hbca29)
[a7/ad549f] Submitted process > RNASEQ:SALMON_QUANT (Salmon quant: Human / Hbca27)
[3e/2119c9] Submitted process > RNASEQ:FASTQC_RAW (FastQC: Human / Hbca48 (raw))
[6b/3aebc0] Submitted process > RNASEQ:STAR_ALIGN (STAR align: Human / Hbca28)
[64/479e94] Submitted process > RNASEQ:STAR_ALIGN (STAR align: Human / Hbca30)
[fb/6b4414] Submitted process > RNASEQ:SALMON_QUANT (Salmon quant: Human / Hbca28)
[79/ca0108] Submitted process > RNASEQ:SALMON_QUANT (Salmon quant: Human / Hbca29)
[4c/215526] Submitted process > RNASEQ:SALMON_QUANT (Salmon quant: Human / Hbca31)
[e6/f7ae27] Submitted process > RNASEQ:STAR_ALIGN (STAR align: Human / Hbca32)
[17/870101] Submitted process > RNASEQ:STAR_ALIGN (STAR align: Human / Hbca31)
[a2/71694b] Submitted process > RNASEQ:STAR_ALIGN (STAR align: Human / Hbca33)
[36/0d2a44] Submitted process > RNASEQ:SALMON_QUANT (Salmon quant: Human / Hbca32)
[8a/8074a3] Submitted process > RNASEQ:STAR_ALIGN (STAR align: Human / Hbca34)
[eb/5861e8] Submitted process > RNASEQ:STAR_ALIGN (STAR align: Human / Hbca35)
[9c/aaaaa6] Submitted process > RNASEQ:STAR_ALIGN (STAR align: Human / Hbca37)
[5f/e2fe90] Submitted process > RNASEQ:SALMON_QUANT (Salmon quant: Human / Hbca30)
[15/d26e62] Submitted process > RNASEQ:SALMON_QUANT (Salmon quant: Human / Hbca33)
[23/4b44c3] Submitted process > RNASEQ:SALMON_QUANT (Salmon quant: Human / Hbca34)
[5c/a9b832] Submitted process > RNASEQ:STAR_ALIGN (STAR align: Human / Hbca36)
[03/c9750c] Submitted process > RNASEQ:STAR_ALIGN (STAR align: Human / Hbca38)
[46/94171b] Submitted process > RNASEQ:SALMON_QUANT (Salmon quant: Human / Hbca35)
[a7/7f6825] Submitted process > RNASEQ:STAR_ALIGN (STAR align: Human / Hbca39)
[d6/cef5d5] Submitted process > RNASEQ:SALMON_QUANT (Salmon quant: Human / Hbca37)
[6b/e4d364] Submitted process > RNASEQ:STAR_ALIGN (STAR align: Human / Hbca41)
[f8/63d683] Submitted process > RNASEQ:STAR_ALIGN (STAR align: Human / Hbca40)
[86/41e80e] Submitted process > RNASEQ:STAR_ALIGN (STAR align: Human / Hbca42)
[58/622690] Submitted process > RNASEQ:SALMON_QUANT (Salmon quant: Human / Hbca36)
[7d/123081] Submitted process > RNASEQ:SALMON_QUANT (Salmon quant: Human / Hbca38)
[a2/18dea2] Submitted process > RNASEQ:SALMON_QUANT (Salmon quant: Human / Hbca39)
[c9/ee93ea] Submitted process > RNASEQ:SALMON_QUANT (Salmon quant: Human / Hbca40)
[44/3333e6] Submitted process > RNASEQ:STAR_ALIGN (STAR align: Human / Hbca43)
[b2/98c32d] Submitted process > RNASEQ:SALMON_QUANT (Salmon quant: Human / Hbca41)
[c7/84e703] Submitted process > RNASEQ:SALMON_QUANT (Salmon quant: Human / Hbca16)
[5b/1b3206] Submitted process > RNASEQ:STAR_ALIGN (STAR align: Human / Hbca16)
[14/49fa68] Submitted process > RNASEQ:SALMON_QUANT (Salmon quant: Human / Hbca17)
[36/3cce1b] Submitted process > RNASEQ:STAR_ALIGN (STAR align: Human / Hbca18)
[48/a1ac39] Submitted process > RNASEQ:FASTQC_RAW (FastQC: Human / Hbca39 (raw))
[f3/2dd90b] Submitted process > RNASEQ:FASTQC_RAW (FastQC: Human / Hbca40 (raw))
[b2/a78cb1] Submitted process > RNASEQ:FASTQC_RAW (FastQC: Human / Hbca36 (raw))
[6f/51dd99] Submitted process > RNASEQ:STAR_ALIGN (STAR align: Human / Hbca20)
[9d/c5ebfd] Submitted process > RNASEQ:STAR_ALIGN (STAR align: Human / Hbca19)
[99/e210ab] Submitted process > RNASEQ:STAR_ALIGN (STAR align: Human / Hbca21)
[9b/fa89d2] Submitted process > RNASEQ:STAR_ALIGN (STAR align: Human / Hbca23)
[10/a9a5e2] Submitted process > RNASEQ:SALMON_QUANT (Salmon quant: Human / Hbca21)
[41/b34435] Submitted process > RNASEQ:SALMON_QUANT (Salmon quant: Human / Hbca24)
[96/85ac58] Submitted process > RNASEQ:SALMON_QUANT (Salmon quant: Human / Hbca25)
[22/dc95ec] Submitted process > RNASEQ:FASTQC_RAW (FastQC: Human / Hbca35 (raw))
[06/18583b] Submitted process > RNASEQ:FASTQC_RAW (FastQC: Human / Hbca34 (raw))
[b6/73f6f3] Submitted process > RNASEQ:STAR_ALIGN (STAR align: Human / Hbca17)
[40/c0dcfd] Submitted process > RNASEQ:SALMON_QUANT (Salmon quant: Human / Hbca19)
[53/4a20b3] Submitted process > RNASEQ:SALMON_QUANT (Salmon quant: Human / Hbca20)
[02/e7e0f6] Submitted process > RNASEQ:FASTQC_RAW (FastQC: Human / Hbca42 (raw))
[a1/2cfca1] Submitted process > RNASEQ:FASTQC_RAW (FastQC: Human / Hbca41 (raw))
[e3/f0278f] Submitted process > RNASEQ:SALMON_QUANT (Salmon quant: Human / Hbca23)
[64/1dc899] Submitted process > RNASEQ:FASTQC_RAW (FastQC: Human / Hbca37 (raw))
[31/fc29b7] Submitted process > RNASEQ:FASTQC_RAW (FastQC: Human / Hbca38 (raw))
[1a/6fc2b8] Submitted process > RNASEQ:SALMON_QUANT (Salmon quant: Human / Hbca18)
[5a/e62d91] Submitted process > RNASEQ:SALMON_QUANT (Salmon quant: Human / Hbca48)
[ba/7c7c6f] Submitted process > RNASEQ:STAR_ALIGN (STAR align: Human / Hbca22)
[45/ba4a80] Submitted process > RNASEQ:SALMON_QUANT (Salmon quant: Human / Hbca22)
[ae/441c52] Submitted process > RNASEQ:STAR_ALIGN (STAR align: Human / Hbca24)
[81/b889d1] Submitted process > RNASEQ:FASTQC_RAW (FastQC: Human / Hbca43 (raw))
[04/00143d] Submitted process > RNASEQ:FASTQC_RAW (FastQC: Human / Hbca44 (raw))
[ce/08c8dd] Submitted process > RNASEQ:STAR_ALIGN (STAR align: Human / Hbca25)
[36/a6e038] Submitted process > RNASEQ:FASTQC_RAW (FastQC: Human / Hbca45 (raw))
[c6/427299] Submitted process > RNASEQ:STAR_ALIGN (STAR align: Human / Hbca44)
[0c/59fb54] Submitted process > RNASEQ:STAR_ALIGN (STAR align: Human / Hbca46)
[ab/a94460] Submitted process > RNASEQ:SALMON_QUANT (Salmon quant: Human / Hbca42)
[dd/8f487c] Submitted process > RNASEQ:SALMON_QUANT (Salmon quant: Human / Hbca43)
[09/67030c] Submitted process > RNASEQ:STAR_ALIGN (STAR align: Human / Hbca45)
[7d/4f8feb] Submitted process > RNASEQ:SALMON_QUANT (Salmon quant: Human / Hbca44)
[0a/09a873] Submitted process > RNASEQ:STAR_ALIGN (STAR align: Human / Hbca47)
[30/6f51de] Submitted process > RNASEQ:STAR_ALIGN (STAR align: Human / Hbca48)
[92/066e50] Submitted process > RNASEQ:SALMON_QUANT (Salmon quant: Human / Hbca45)
[9c/26fe25] Submitted process > RNASEQ:SALMON_QUANT (Salmon quant: Human / Hbca46)
[01/9a1f38] Submitted process > RNASEQ:SALMON_QUANT (Salmon quant: Human / Hbca47)
[5f/1cb2e1] Submitted process > RNASEQ:SAMBAMBA_PREP (BAM prep: Human / Hbca04)
[a3/d5fb89] Submitted process > RNASEQ:SAMBAMBA_PREP (BAM prep: Human / Hbca01)
[71/578883] Submitted process > RNASEQ:SAMBAMBA_PREP (BAM prep: Human / Hbca02)
[f3/dab49b] Submitted process > RNASEQ:SAMBAMBA_PREP (BAM prep: Human / Hbca06)
[c7/d88242] Submitted process > RNASEQ:SAMBAMBA_PREP (BAM prep: Human / Hbca05)
[ee/7d19a8] Submitted process > RNASEQ:SAMBAMBA_PREP (BAM prep: Human / Hbca07)
[94/941cdf] Submitted process > RNASEQ:SAMBAMBA_PREP (BAM prep: Human / Hbca10)
[c0/b9a915] Submitted process > RNASEQ:SAMBAMBA_PREP (BAM prep: Human / Hbca08)
[7b/6a341a] Submitted process > RNASEQ:SAMBAMBA_PREP (BAM prep: Human / Hbca11)
[19/61b001] Submitted process > RNASEQ:SAMBAMBA_PREP (BAM prep: Human / Hbca09)
[23/70d623] Submitted process > RNASEQ:SAMBAMBA_PREP (BAM prep: Human / Hbca12)
[cf/28cce5] Submitted process > RNASEQ:SAMBAMBA_PREP (BAM prep: Human / Hbca13)
[70/58769b] Submitted process > RNASEQ:SAMBAMBA_PREP (BAM prep: Human / Hbca15)
[b5/0e4e4f] Submitted process > RNASEQ:SAMBAMBA_PREP (BAM prep: Human / Hbca14)
[6c/dfe312] Submitted process > RNASEQ:SAMBAMBA_PREP (BAM prep: Human / Hbca26)
[d0/d82547] Submitted process > RNASEQ:SAMBAMBA_PREP (BAM prep: Human / Hbca29)
[b8/b9ad00] Submitted process > RNASEQ:SAMBAMBA_PREP (BAM prep: Human / Hbca03)
[22/9d6bdd] Submitted process > RNASEQ:SAMBAMBA_PREP (BAM prep: Human / Hbca28)
[7f/d2d90a] Submitted process > RNASEQ:SAMBAMBA_PREP (BAM prep: Human / Hbca30)
[30/697b92] Submitted process > RNASEQ:SAMBAMBA_PREP (BAM prep: Human / Hbca31)
[21/b3eda6] Submitted process > RNASEQ:SAMBAMBA_PREP (BAM prep: Human / Hbca32)
[d1/159efb] Submitted process > RNASEQ:SAMBAMBA_PREP (BAM prep: Human / Hbca34)
[48/c986f4] Submitted process > RNASEQ:SAMBAMBA_PREP (BAM prep: Human / Hbca33)
[01/809c32] Submitted process > RNASEQ:SAMBAMBA_PREP (BAM prep: Human / Hbca35)
[65/6dd2c2] Submitted process > RNASEQ:SAMBAMBA_PREP (BAM prep: Human / Hbca37)
[40/b12032] Submitted process > RNASEQ:SAMBAMBA_PREP (BAM prep: Human / Hbca27)
[47/f16fc9] Submitted process > RNASEQ:SAMBAMBA_PREP (BAM prep: Human / Hbca38)
[24/0e67e3] Submitted process > RNASEQ:SAMBAMBA_PREP (BAM prep: Human / Hbca36)
[ef/7895b3] Submitted process > RNASEQ:SAMBAMBA_PREP (BAM prep: Human / Hbca41)
[d5/824904] Submitted process > RNASEQ:SAMBAMBA_PREP (BAM prep: Human / Hbca39)
[33/416fc9] Submitted process > RNASEQ:SAMBAMBA_PREP (BAM prep: Human / Hbca42)
[a5/39ead6] Submitted process > RNASEQ:SAMBAMBA_PREP (BAM prep: Human / Hbca16)
[5e/70fe51] Submitted process > RNASEQ:SAMBAMBA_PREP (BAM prep: Human / Hbca20)
[5c/1a6b46] Submitted process > RNASEQ:SAMBAMBA_PREP (BAM prep: Human / Hbca18)
[19/bbaa0f] Submitted process > RNASEQ:SAMBAMBA_PREP (BAM prep: Human / Hbca21)
[b9/e65f7e] Submitted process > RNASEQ:SAMBAMBA_PREP (BAM prep: Human / Hbca23)
[c9/a8fc44] Submitted process > RNASEQ:SAMBAMBA_PREP (BAM prep: Human / Hbca43)
[d5/539afd] Submitted process > RNASEQ:SAMBAMBA_PREP (BAM prep: Human / Hbca17)
[d2/b983d7] Submitted process > RNASEQ:SAMBAMBA_PREP (BAM prep: Human / Hbca22)
[f4/0b37e2] Submitted process > RNASEQ:RSEQC (RSeQC: Human / Hbca04)
[09/063213] Submitted process > RNASEQ:RSEQC (RSeQC: Human / Hbca01)
[48/eae7e8] Submitted process > RNASEQ:RSEQC (RSeQC: Human / Hbca06)
[61/9baeed] Submitted process > RNASEQ:RSEQC (RSeQC: Human / Hbca02)
[e0/359054] Submitted process > RNASEQ:RSEQC (RSeQC: Human / Hbca05)
[f0/89fcbb] Submitted process > RNASEQ:SAMBAMBA_PREP (BAM prep: Human / Hbca25)
[08/2a5fbc] Submitted process > RNASEQ:RSEQC (RSeQC: Human / Hbca07)
[97/29426b] Submitted process > RNASEQ:RSEQC (RSeQC: Human / Hbca10)
[b4/b9fa5b] Submitted process > RNASEQ:RSEQC (RSeQC: Human / Hbca11)
[6b/49af39] Submitted process > RNASEQ:RSEQC (RSeQC: Human / Hbca08)
[b0/8cb47f] Submitted process > RNASEQ:RSEQC (RSeQC: Human / Hbca09)
[37/cc7692] Submitted process > RNASEQ:RSEQC (RSeQC: Human / Hbca12)
[9d/5abc17] Submitted process > RNASEQ:RSEQC (RSeQC: Human / Hbca15)
[cb/fb0a08] Submitted process > RNASEQ:RSEQC (RSeQC: Human / Hbca14)
[2f/8e506a] Submitted process > RNASEQ:RSEQC (RSeQC: Human / Hbca13)
[cd/8c2e86] Submitted process > RNASEQ:SAMBAMBA_PREP (BAM prep: Human / Hbca46)
[6b/816508] Submitted process > RNASEQ:RSEQC (RSeQC: Human / Hbca30)
[b1/f5cbef] Submitted process > RNASEQ:RSEQC (RSeQC: Human / Hbca03)
[23/cd78c2] Submitted process > RNASEQ:SAMBAMBA_PREP (BAM prep: Human / Hbca44)
[10/bc43da] Submitted process > RNASEQ:RSEQC (RSeQC: Human / Hbca26)
[d5/f146ba] Submitted process > RNASEQ:SAMBAMBA_PREP (BAM prep: Human / Hbca24)
[86/d995f2] Submitted process > RNASEQ:SAMBAMBA_PREP (BAM prep: Human / Hbca48)
[f8/76bcd7] Submitted process > RNASEQ:RSEQC (RSeQC: Human / Hbca29)
[de/8505e8] Submitted process > RNASEQ:RSEQC (RSeQC: Human / Hbca34)
[57/db6e8a] Submitted process > RNASEQ:RSEQC (RSeQC: Human / Hbca28)
[6c/3c76a7] Submitted process > RNASEQ:RSEQC (RSeQC: Human / Hbca31)
[26/2db665] Submitted process > RNASEQ:RSEQC (RSeQC: Human / Hbca35)
[0a/6547bc] Submitted process > RNASEQ:RSEQC (RSeQC: Human / Hbca33)
[b6/a3db51] Submitted process > RNASEQ:RSEQC (RSeQC: Human / Hbca37)
[fc/78c328] Submitted process > RNASEQ:RSEQC (RSeQC: Human / Hbca27)
[3c/4ac07f] Submitted process > RNASEQ:RSEQC (RSeQC: Human / Hbca38)
[b4/7763a0] Submitted process > RNASEQ:RSEQC (RSeQC: Human / Hbca32)
[b1/a2c49d] Submitted process > RNASEQ:RSEQC (RSeQC: Human / Hbca36)
[5e/2de15c] Submitted process > RNASEQ:RSEQC (RSeQC: Human / Hbca41)
[a7/8df869] Submitted process > RNASEQ:RSEQC (RSeQC: Human / Hbca42)
[ab/fc91e7] Submitted process > RNASEQ:RSEQC (RSeQC: Human / Hbca20)
[6d/a3d8c8] Submitted process > RNASEQ:RSEQC (RSeQC: Human / Hbca16)
[ce/5bfd3c] Submitted process > RNASEQ:RSEQC (RSeQC: Human / Hbca21)
[53/a97385] Submitted process > RNASEQ:RSEQC (RSeQC: Human / Hbca18)
[08/8181f3] Submitted process > RNASEQ:RSEQC (RSeQC: Human / Hbca43)
[c4/96524a] Submitted process > RNASEQ:RSEQC (RSeQC: Human / Hbca23)
[65/f05c3f] Submitted process > RNASEQ:RSEQC (RSeQC: Human / Hbca17)
[a2/348089] Submitted process > RNASEQ:RSEQC (RSeQC: Human / Hbca39)
[47/ed60e0] Submitted process > RNASEQ:RSEQC (RSeQC: Human / Hbca22)
[25/e3d32f] Submitted process > RNASEQ:RSEQC (RSeQC: Human / Hbca25)
[b2/a697d3] Submitted process > RNASEQ:SAMBAMBA_PREP (BAM prep: Human / Hbca45)
[3f/79069d] Submitted process > RNASEQ:SAMBAMBA_PREP (BAM prep: Human / Hbca47)
[f4/4058ac] Submitted process > RNASEQ:RSEQC (RSeQC: Human / Hbca46)
[89/addf01] Submitted process > RNASEQ:RSEQC (RSeQC: Human / Hbca44)
[54/64b423] Submitted process > RNASEQ:RSEQC (RSeQC: Human / Hbca24)
[fc/7663f1] Submitted process > RNASEQ:RSEQC (RSeQC: Human / Hbca48)
[ef/9a688b] Submitted process > RNASEQ:SAMBAMBA_PREP (BAM prep: Human / Hbca19)
[2d/28a29c] Submitted process > RNASEQ:SALMON_STATS (Salmon stats)
[b8/ade841] Submitted process > RNASEQ:RSEQC (RSeQC: Human / Hbca45)
[a1/e81736] Submitted process > RNASEQ:RSEQC (RSeQC: Human / Hbca47)
[6b/c10bd4] Submitted process > RNASEQ:RSEQC (RSeQC: Human / Hbca19)
[e5/a636ce] Submitted process > RNASEQ:SAMBAMBA_PREP (BAM prep: Human / Hbca40)
[38/056e91] Submitted process > RNASEQ:STAR_STATS (STAR stats)
[33/1fb3a5] Submitted process > RNASEQ:RSEQC (RSeQC: Human / Hbca40)
[c1/06bec3] Submitted process > RNASEQ:MULTIQC (MultiQC: Human)
